Line no 7 : The token TK_SQL for lexeme [ does not match the expected token TK_LIST
Line No 8 :- Unknown pattern d4cbcccccccccccccbbbbbbbbdddd5222222222222633333333333377
Line no 8 : The token TK_SEM for lexeme ; does not match the expected token TK_ID
Line No 10 :- Unknown pattern 5000.7
Line no 10: Invalid token TK_SEM encountered with value ; stack top arithmeticExpression
Line no 11 : The token TK_ID for lexeme d4cbcd5677 does not match the expected token TK_SEM
Line no 11 : The token TK_SEM for lexeme ; does not match the expected token TK_CL
Line No 13 :- Unknown pattern &&
Line no 13: Invalid token TK_OP encountered with value ( stack top logicalOp
Line no 13 : The token TK_CL for lexeme ) does not match the expected token TK_OP
Line no 13: Invalid token TK_CL encountered with value ) stack top booleanExpression
Line no 14 : The token TK_THEN for lexeme then does not match the expected token TK_CL
Line no 16: Invalid token TK_ELSE encountered with value else stack top option_single_constructed
Line no 17 : The token TK_CL for lexeme ) does not match the expected token TK_SEM
Line no 17: Invalid token TK_CL encountered with value ) stack top otherStmts
Line no 17: Invalid token TK_SEM encountered with value ; stack top endOrElse
Line no 18: Invalid token TK_ENDIF encountered with value endif stack top returnStmt
Line no 25 : The token TK_ID for lexeme b5 does not match the expected token TK_COLON
Line No 28 :- Unknown pattern $
Line No 29 :- Unknown pattern <--
Line no 29: Invalid token TK_NUM encountered with value 1 stack top option_single_constructed
Line no 29 : The token TK_SEM for lexeme ; does not match the expected token TK_ASSIGNOP
Line no 29: Invalid token TK_SEM encountered with value ; stack top arithmeticExpression
Line no 30 : The token TK_OP for lexeme ( does not match the expected token TK_SEM
Line no 30: Invalid token TK_OP encountered with value ( stack top otherStmts
Line no 30: Invalid token TK_ID encountered with value d5cb34567 stack top returnStmt
Line no 30 : The token TK_CL for lexeme ) does not match the expected token TK_END
